// Jest Snapshot v1, https://goo.gl/fbAQLP

exports[`SummaryPage params test should render initial layout 1`] = `
Array [
  <div>
    <h3>
        Accounts Summary
    </h3>
    <FlashMessage
        delay={5000}
        text="testingAlert"
    />
    <Table
        responsiveTag="div"
        tag="table"
    >
        <thead>
            <tr>
                <th>
                    #
                </th>
                <th>
                    Year-Month
                </th>
                <th>
                    Collections
                </th>
                <th>
                    Expenses
                </th>
                <th>
                    Difference
                </th>
                <th>
                    Cumulative Difference
                </th>
            </tr>
        </thead>
        <tbody>
            <tr>
                <td>
                    1
                </td>
                <td>
                    2018-04
                </td>
                <td>
                    100
                </td>
                <td />
                <td>
                    100
                </td>
                <td>
                    100
                </td>
            </tr>
            <tr>
                <td>
                    2
                </td>
                <td>
                    2018-04
                </td>
                <td>
                    100
                </td>
                <td />
                <td>
                    100
                </td>
                <td>
                    200
                </td>
            </tr>
            <tr>
                <td>
                    3
                </td>
                <td>
                    2018-04
                </td>
                <td />
                <td>
                    50
                </td>
                <td>
                    -50
                </td>
                <td>
                    150
                </td>
            </tr>
        </tbody>
    </Table>
</div>,
]
`;
