// Jest Snapshot v1, https://goo.gl/fbAQLP

exports[`ForgotPasswordPage params test should render initial layout 1`] = `
Array [
  <div>
    <h2
        align="center"
    >
        Forgot Password
    </h2>
    <div
        className="alert undefined"
    >
        testingAlert
    </div>
    <Form
        id="forgotPasswordForm"
        onSubmit={[Function]}
        tag="form"
    >
        <FormGroup
            row={true}
            tag="div"
        >
            <Label
                for="email"
                sm={3}
                tag="label"
                widths={
                    Array [
                        "xs",
                        "sm",
                        "md",
                        "lg",
                        "xl",
                      ]
                }
            >
                Email_Id
            </Label>
            <Col
                sm={9}
                tag="div"
                widths={
                    Array [
                        "xs",
                        "sm",
                        "md",
                        "lg",
                        "xl",
                      ]
                }
            >
                <Input
                    defaultValue=""
                    id="email"
                    name="email"
                    onChange={[Function]}
                    placeholder="email id here"
                    tag="p"
                    type="email"
                />
            </Col>
        </FormGroup>
        <FormGroup
            row={true}
            tag="div"
        >
            <Label
                sm={3}
                tag="label"
                widths={
                    Array [
                        "xs",
                        "sm",
                        "md",
                        "lg",
                        "xl",
                      ]
                }
            />
            <Col
                sm={9}
                smoffset={3}
                tag="div"
                widths={
                    Array [
                        "xs",
                        "sm",
                        "md",
                        "lg",
                        "xl",
                      ]
                }
            >
                <Button
                    bssize="large"
                    color="primary"
                    tag="button"
                    title="Go to App"
                    type="submit"
                >
                    Submit
                </Button>
                <Button
                    color="link"
                    tag="button"
                    title="Go to home"
                >
                    <Link
                        className="text-danger"
                        replace={false}
                        to="/home"
                    >
                        Cancel
                    </Link>
                </Button>
            </Col>
        </FormGroup>
    </Form>
</div>,
]
`;
