// Jest Snapshot v1, https://goo.gl/fbAQLP

exports[`LoginPage params test should render initial layout 1`] = `
Array [
  <div>
    <h2
        align="center"
    >
        Login
    </h2>
    <FlashMessage
        color={undefined}
        delay={4000}
        text="testingAlert"
    />
    <Form
        id="loginForm"
        onSubmit={[Function]}
        tag="form"
    >
        <FormGroup
            tag="div"
        >
            <Col
                sm={
                    Object {
                        "offset": 4,
                        "size": 4,
                      }
                }
                tag="div"
                widths={
                    Array [
                        "xs",
                        "sm",
                        "md",
                        "lg",
                        "xl",
                      ]
                }
            >
                <Label
                    for="email"
                    tag="label"
                    widths={
                        Array [
                            "xs",
                            "sm",
                            "md",
                            "lg",
                            "xl",
                          ]
                    }
                >
                    Email id
                </Label>
                <Input
                    defaultValue="guest@eastgate.in"
                    id="email"
                    name="email"
                    onChange={[Function]}
                    tag="p"
                    title="email id here"
                    type="email"
                />
            </Col>
        </FormGroup>
        <FormGroup
            tag="div"
        >
            <Col
                sm={
                    Object {
                        "offset": 4,
                        "size": 4,
                      }
                }
                tag="div"
                widths={
                    Array [
                        "xs",
                        "sm",
                        "md",
                        "lg",
                        "xl",
                      ]
                }
            >
                <Label
                    for="password"
                    tag="label"
                    widths={
                        Array [
                            "xs",
                            "sm",
                            "md",
                            "lg",
                            "xl",
                          ]
                    }
                >
                    Password
                </Label>
                <Input
                    defaultValue="password123"
                    id="password"
                    name="password"
                    onChange={[Function]}
                    tag="p"
                    title="password here"
                    type="password"
                />
            </Col>
        </FormGroup>
        <FormGroup
            tag="div"
        >
            <Col
                sm={
                    Object {
                        "offset": 4,
                        "size": 4,
                      }
                }
                tag="div"
                widths={
                    Array [
                        "xs",
                        "sm",
                        "md",
                        "lg",
                        "xl",
                      ]
                }
            >
                <Button
                    bssize="large"
                    color="primary"
                    disabled={false}
                    id="submitButton"
                    tag="button"
                    title="Save Changes"
                    type="submit"
                >
                    Login
                </Button>
                <Button
                    color="link"
                    tag="button"
                    title="Go to home"
                >
                    <Link
                        className="text-danger"
                        replace={false}
                        to="/home"
                    >
                        Cancel
                    </Link>
                </Button>
                <Connect(SocialLogin) />
            </Col>
        </FormGroup>
        <FormGroup
            tag="div"
        >
            <Col
                sm={
                    Object {
                        "offset": 4,
                        "size": 4,
                      }
                }
                tag="div"
                widths={
                    Array [
                        "xs",
                        "sm",
                        "md",
                        "lg",
                        "xl",
                      ]
                }
            >
                <Button
                    className="float-right"
                    color="link"
                    id="newUser"
                    tag="button"
                    title="Go to Registration"
                >
                    <Link
                        className="text-success"
                        replace={false}
                        to="/register"
                    >
                        New User?
                    </Link>
                </Button>
                <Button
                    className="float-left"
                    color="link"
                    id="forgotPassword"
                    tag="button"
                    title="Forgot Password"
                >
                    <Link
                        className="text-info"
                        replace={false}
                        title="Request for resetting forgotton password"
                        to="/login/forgot-password"
                    >
                        Forgot Password?
                    </Link>
                </Button>
            </Col>
        </FormGroup>
    </Form>
</div>,
]
`;
