// Jest Snapshot v1, https://goo.gl/fbAQLP

exports[`ResetPasswordPage params test should render initial layout 1`] = `
Array [
  <div>
    <h2
        align="center"
    >
        Reset Password
    </h2>
    <FlashMessage
        color={undefined}
        delay={4000}
        text="testingAlert"
    />
    <Form
        id="resetPasswordForm"
        onSubmit={[Function]}
        tag="form"
    >
        <FormGroup
            row={true}
            tag="div"
        >
            <Label
                sm={3}
                tag="label"
                widths={
                    Array [
                        "xs",
                        "sm",
                        "md",
                        "lg",
                        "xl",
                      ]
                }
            >
                Password
            </Label>
            <Col
                sm={9}
                tag="div"
                widths={
                    Array [
                        "xs",
                        "sm",
                        "md",
                        "lg",
                        "xl",
                      ]
                }
            >
                <Input
                    id="password"
                    name="password"
                    onChange={[Function]}
                    placeholder="password here"
                    tag="p"
                    type="password"
                />
            </Col>
        </FormGroup>
        <FormGroup
            row={true}
            tag="div"
        >
            <Label
                sm={3}
                tag="label"
                widths={
                    Array [
                        "xs",
                        "sm",
                        "md",
                        "lg",
                        "xl",
                      ]
                }
            >
                Repeat_Password
            </Label>
            <Col
                sm={9}
                tag="div"
                widths={
                    Array [
                        "xs",
                        "sm",
                        "md",
                        "lg",
                        "xl",
                      ]
                }
            >
                <Input
                    id="confirmPassword"
                    name="confirmPassword"
                    onChange={[Function]}
                    placeholder="Confirm password here"
                    tag="p"
                    type="password"
                />
                
            </Col>
        </FormGroup>
        <FormGroup
            row={true}
            tag="div"
        >
            <Label
                sm={3}
                tag="label"
                widths={
                    Array [
                        "xs",
                        "sm",
                        "md",
                        "lg",
                        "xl",
                      ]
                }
            />
            <Col
                sm={9}
                smoffset={3}
                tag="div"
                widths={
                    Array [
                        "xs",
                        "sm",
                        "md",
                        "lg",
                        "xl",
                      ]
                }
            >
                <Button
                    color="primary"
                    tag="button"
                    title="Reset Password"
                    type="submit"
                >
                    Reset
                </Button>
                <Button
                    color="link"
                    tag="button"
                >
                    <Link
                        className="text-danger"
                        replace={false}
                        title="Go to home"
                        to="/login"
                    >
                        Cancel
                    </Link>
                </Button>
            </Col>
        </FormGroup>
    </Form>
</div>,
]
`;
