// Jest Snapshot v1, https://goo.gl/fbAQLP

exports[`RolesToPermissionsLinkPage params test should render initial layout 1`] = `
Array [
  <div>
    <h3>
        Roles To Permissions Link
    </h3>
    <FlashMessage
        delay={4000}
        text="testingAlert"
    />
    <div
        className="list-to-list"
    >
        <Label
            className="llabel"
            for="leftItem"
            tag="label"
            widths={
                Array [
                    "xs",
                    "sm",
                    "md",
                    "lg",
                    "xl",
                  ]
            }
        >
            Select a Role
        </Label>
        <Input
            className="lselect"
            id="leftItem"
            name="leftItem"
            onChange={[Function]}
            size="20"
            tag="p"
            type="select"
        >
            <option
                title="guest role"
                value={1}
            >
                guest
            </option>
            <option
                title="tenant role"
                value={2}
            >
                tenant
            </option>
        </Input>
        <div
            class="homeButton"
        >
            <Button
                color="link"
                tag="button"
            >
                <Link
                    replace={false}
                    to="/home"
                >
                    <MdHome />
                     Home
                </Link>
            </Button>
        </div>
        <Label
            className="alabel"
            for="attachedItems"
            tag="label"
            widths={
                Array [
                    "xs",
                    "sm",
                    "md",
                    "lg",
                    "xl",
                  ]
            }
        >
            Granted Permissions
        </Label>
        <Input
            className="aselect"
            id="attachedItems"
            multiple={true}
            name="attachedItems"
            onChange={[Function]}
            size="20"
            tag="p"
            type="select"
        >
            
        </Input>
        <Button
            className="dbutton"
            color="danger"
            disabled={false}
            hidden={false}
            onClick={[Function]}
            tag="button"
            title="Revoke selected roles"
        >
            <MdThumbDown />
             Revoke
        </Button>
        <Label
            className="dlabel"
            for="detachedItems"
            tag="label"
            widths={
                Array [
                    "xs",
                    "sm",
                    "md",
                    "lg",
                    "xl",
                  ]
            }
        >
            Available Permissions
        </Label>
        <Input
            className="dselect"
            id="detachedItems"
            multiple={true}
            name="detachedItems"
            onChange={[Function]}
            size="20"
            tag="p"
            type="select"
        >
            <option
                title="Read only operations on Accounts module"
                value={1}
            >
                accounts
                 
                
                 with 
                R
            </option>
            <option
                title="Read and Update own records in Users module"
                value={2}
            >
                users
                 
                 (restricted)
                 with 
                RU
            </option>
        </Input>
        <Button
            className="abutton"
            color="success"
            disabled={false}
            hidden={false}
            onClick={[Function]}
            tag="button"
            title="Grant selected roles"
        >
            <MdThumbUp />
             Grant
        </Button>
    </div>
</div>,
]
`;
