// Jest Snapshot v1, https://goo.gl/fbAQLP

exports[`UsersToRolesLinkPage params test should render initial layout 1`] = `
Array [
  <div>
    <h3>
        Users To Roles Link
    </h3>
    <FlashMessage
        delay={2100}
        text="testingAlert"
    />
    <div
        className="list-to-list"
    >
        <Label
            className="llabel"
            for="leftItem"
            tag="label"
            widths={
                Array [
                    "xs",
                    "sm",
                    "md",
                    "lg",
                    "xl",
                  ]
            }
        >
            Select an User
        </Label>
        <Input
            className="lselect"
            id="leftItem"
            name="leftItem"
            onChange={[Function]}
            size="20"
            tag="p"
            type="select"
        >
            <option
                title="test on G1"
                value={1}
            >
                G1
            </option>
            <option
                title="test on G2"
                value={2}
            >
                G2
            </option>
        </Input>
        <div
            class="homeButton"
        >
            <Button
                color="link"
                tag="button"
            >
                <Link
                    replace={false}
                    to="/home"
                >
                    <MdHome />
                     Home
                </Link>
            </Button>
        </div>
        <Label
            className="alabel"
            for="attachedItems"
            tag="label"
            widths={
                Array [
                    "xs",
                    "sm",
                    "md",
                    "lg",
                    "xl",
                  ]
            }
        >
            Assigned Roles
        </Label>
        <Input
            className="aselect"
            id="attachedItems"
            multiple={true}
            name="attachedItems"
            onChange={[Function]}
            size="20"
            tag="p"
            type="select"
        >
            
        </Input>
        <Button
            className="dbutton"
            color="danger"
            disabled={false}
            hidden={false}
            id="detachButton"
            onClick={[Function]}
            tag="button"
            title="Unassign selected roles"
        >
            <MdThumbDown />
             Unassign
        </Button>
        <Label
            className="dlabel"
            for="detachedItems"
            tag="label"
            widths={
                Array [
                    "xs",
                    "sm",
                    "md",
                    "lg",
                    "xl",
                  ]
            }
        >
            Available Roles
        </Label>
        <Input
            className="dselect"
            id="detachedItems"
            multiple={true}
            name="detachedItems"
            onChange={[Function]}
            size="20"
            tag="p"
            type="select"
        >
            <option
                title="test user1"
                value={1}
            >
                user1
                 
                 (inherits test)
            </option>
            <option
                title="test user2"
                value={2}
            >
                user2
                 
                 (inherits test)
            </option>
        </Input>
        <Button
            className="abutton"
            color="success"
            disabled={false}
            hidden={false}
            id="attachButton"
            onClick={[Function]}
            tag="button"
            title="Assign selected roles"
        >
            <MdThumbUp />
             Assign
        </Button>
    </div>
</div>,
]
`;
