// Jest Snapshot v1, https://goo.gl/fbAQLP

exports[`UsersPage params test should render initial layout 1`] = `
Array [
  <div>
    <h3>
        Users List
    </h3>
    <FlashMessage
        color={undefined}
        delay={2100}
        text="testingAlert"
    />
    <Table
        responsiveTag="div"
        tag="table"
    >
        <thead>
            <tr>
                <th>
                    #
                </th>
                <th>
                    Username
                </th>
                <th>
                    First Name
                </th>
                <th>
                    Email
                </th>
                <th>
                    Actions 
                    <Link
                        replace={false}
                        title="Add"
                        to={
                            Object {
                                "pathname": "/users/0",
                                "state": Object {
                                  "model": Object {
                                    "email": "",
                                    "first_name": "",
                                    "id": 0,
                                    "infos": Array [],
                                    "last_name": "",
                                    "name": "",
                                  },
                                  "title": "User Details",
                                },
                              }
                        }
                    >
                        <MdAdd />
                    </Link>
                </th>
            </tr>
        </thead>
        <tbody>
            <tr>
                <th
                    scope="row"
                >
                    1
                </th>
                <td>
                    user1
                </td>
                <td>
                    user1
                </td>
                <td>
                    user1@test.com
                </td>
                <td>
                    <Link
                        replace={false}
                        title="Edit"
                        to={
                            Object {
                                "pathname": "/users/1",
                                "state": Object {
                                  "model": Object {
                                    "email": "user1@test.com",
                                    "first_name": "user1",
                                    "id": 1,
                                    "infos": Array [],
                                    "last_name": "test",
                                    "name": "user1",
                                  },
                                  "title": "User Details",
                                },
                              }
                        }
                    >
                        <MdEdit />
                    </Link>
                    <Button
                        color="link"
                        hidden={false}
                        onClick={[Function]}
                        tag="button"
                        title="Delete"
                    >
                        <MdDelete
                            color="red"
                        />
                    </Button>
                </td>
            </tr>
            <tr>
                <th
                    scope="row"
                >
                    2
                </th>
                <td>
                    user2
                </td>
                <td>
                    user2
                </td>
                <td>
                    user2@test.com
                </td>
                <td>
                    <Link
                        replace={false}
                        title="Edit"
                        to={
                            Object {
                                "pathname": "/users/2",
                                "state": Object {
                                  "model": Object {
                                    "email": "user2@test.com",
                                    "first_name": "user2",
                                    "id": 2,
                                    "infos": Array [],
                                    "last_name": "test",
                                    "name": "user2",
                                  },
                                  "title": "User Details",
                                },
                              }
                        }
                    >
                        <MdEdit />
                    </Link>
                    <Button
                        color="link"
                        hidden={false}
                        onClick={[Function]}
                        tag="button"
                        title="Delete"
                    >
                        <MdDelete
                            color="red"
                        />
                    </Button>
                </td>
            </tr>
            <tr>
                <th
                    scope="row"
                >
                    3
                </th>
                <td>
                    user3
                </td>
                <td>
                    user3
                </td>
                <td>
                    user3@test.com
                </td>
                <td>
                    <Link
                        replace={false}
                        title="Edit"
                        to={
                            Object {
                                "pathname": "/users/3",
                                "state": Object {
                                  "model": Object {
                                    "email": "user3@test.com",
                                    "first_name": "user3",
                                    "id": 3,
                                    "infos": Array [],
                                    "last_name": "test",
                                    "name": "user3",
                                  },
                                  "title": "User Details",
                                },
                              }
                        }
                    >
                        <MdEdit />
                    </Link>
                    <Button
                        color="link"
                        hidden={false}
                        onClick={[Function]}
                        tag="button"
                        title="Delete"
                    >
                        <MdDelete
                            color="red"
                        />
                    </Button>
                </td>
            </tr>
        </tbody>
    </Table>
    <Router
        history={Object {}}
    >
        <div>
            <PrivateRoute
                component={[Function]}
                path="/users/:id"
            />
        </div>
    </Router>
</div>,
]
`;
