// Jest Snapshot v1, https://goo.gl/fbAQLP

exports[`UsersPage params test should render initial layout 1`] = `
Array [
  <div>
    <h2
        align="center"
    >
        Register
    </h2>
    <FlashMessage
        color={undefined}
        delay={4000}
        text="testingAlert"
    />
    <Form
        id="registerForm"
        onSubmit={[Function]}
        tag="form"
    >
        <FormGroup
            row={true}
            tag="div"
        >
            <Col
                sm={
                    Object {
                        "offset": 4,
                        "size": 4,
                      }
                }
                tag="div"
                widths={
                    Array [
                        "xs",
                        "sm",
                        "md",
                        "lg",
                        "xl",
                      ]
                }
            >
                <Label
                    for="userName"
                    size="sm"
                    tag="label"
                    widths={
                        Array [
                            "xs",
                            "sm",
                            "md",
                            "lg",
                            "xl",
                          ]
                    }
                >
                    User name
                </Label>
                <Input
                    id="userName"
                    name="name"
                    onChange={[Function]}
                    size="sm"
                    tag="p"
                    title="User name here"
                    type="text"
                />
            </Col>
        </FormGroup>
        <FormGroup
            row={true}
            tag="div"
        >
            <Col
                sm={
                    Object {
                        "offset": 4,
                        "size": 4,
                      }
                }
                tag="div"
                widths={
                    Array [
                        "xs",
                        "sm",
                        "md",
                        "lg",
                        "xl",
                      ]
                }
            >
                <Label
                    for="email"
                    size="sm"
                    tag="label"
                    widths={
                        Array [
                            "xs",
                            "sm",
                            "md",
                            "lg",
                            "xl",
                          ]
                    }
                >
                    Email id
                </Label>
                <Input
                    id="email"
                    name="email"
                    onChange={[Function]}
                    size="sm"
                    tag="p"
                    title="email id here"
                    type="email"
                />
            </Col>
        </FormGroup>
        <FormGroup
            row={true}
            tag="div"
        >
            <Col
                sm={
                    Object {
                        "offset": 4,
                        "size": 2,
                      }
                }
                tag="div"
                widths={
                    Array [
                        "xs",
                        "sm",
                        "md",
                        "lg",
                        "xl",
                      ]
                }
            >
                <Label
                    for="firstName"
                    size="sm"
                    tag="label"
                    widths={
                        Array [
                            "xs",
                            "sm",
                            "md",
                            "lg",
                            "xl",
                          ]
                    }
                >
                    First name
                </Label>
                <Input
                    id="firstName"
                    name="first_name"
                    onChange={[Function]}
                    size="sm"
                    tag="p"
                    title="First name here"
                    type="text"
                />
            </Col>
            <Col
                sm={
                    Object {
                        "size": 2,
                      }
                }
                tag="div"
                widths={
                    Array [
                        "xs",
                        "sm",
                        "md",
                        "lg",
                        "xl",
                      ]
                }
            >
                <Label
                    for="lastName"
                    size="sm"
                    tag="label"
                    widths={
                        Array [
                            "xs",
                            "sm",
                            "md",
                            "lg",
                            "xl",
                          ]
                    }
                >
                    Last name
                </Label>
                <Input
                    id="lastName"
                    name="last_name"
                    onChange={[Function]}
                    size="sm"
                    tag="p"
                    title="Last name here"
                    type="text"
                />
            </Col>
        </FormGroup>
        <FormGroup
            row={true}
            tag="div"
        >
            <Col
                sm={
                    Object {
                        "offset": 4,
                        "size": 2,
                      }
                }
                tag="div"
                widths={
                    Array [
                        "xs",
                        "sm",
                        "md",
                        "lg",
                        "xl",
                      ]
                }
            >
                <Label
                    for="password"
                    size="sm"
                    tag="label"
                    widths={
                        Array [
                            "xs",
                            "sm",
                            "md",
                            "lg",
                            "xl",
                          ]
                    }
                >
                    Password
                </Label>
                <Input
                    id="password"
                    name="password"
                    onChange={[Function]}
                    size="sm"
                    tag="p"
                    title="password here"
                    type="password"
                />
            </Col>
            <Col
                sm={
                    Object {
                        "size": 2,
                      }
                }
                tag="div"
                widths={
                    Array [
                        "xs",
                        "sm",
                        "md",
                        "lg",
                        "xl",
                      ]
                }
            >
                <Label
                    for="confirmPassword"
                    size="sm"
                    tag="label"
                    widths={
                        Array [
                            "xs",
                            "sm",
                            "md",
                            "lg",
                            "xl",
                          ]
                    }
                >
                    Repeat password
                </Label>
                <Input
                    id="confirmPassword"
                    name="confirmPassword"
                    onChange={[Function]}
                    size="sm"
                    tag="p"
                    title="Repeat password here"
                    type="password"
                />
                
            </Col>
        </FormGroup>
        <FormGroup
            row={true}
            tag="div"
        >
            <Col
                sm={
                    Object {
                        "offset": 4,
                        "size": 4,
                      }
                }
                tag="div"
                widths={
                    Array [
                        "xs",
                        "sm",
                        "md",
                        "lg",
                        "xl",
                      ]
                }
            >
                <Button
                    color="primary"
                    disabled={true}
                    tag="button"
                    title="Missing \\"Required Data\\"..."
                    type="submit"
                >
                    Register
                </Button>
                <Button
                    color="link"
                    tag="button"
                >
                    <Link
                        className="text-danger"
                        replace={false}
                        title="Go to home"
                        to="/login"
                    >
                        Cancel
                    </Link>
                </Button>
                <Connect(SocialLogin) />
            </Col>
        </FormGroup>
    </Form>
</div>,
]
`;
